// Jest Snapshot v1, https://goo.gl/fbAQLP

exports[`snapshot app component testing app component 1`] = `
<main
  className="mainPage"
>
  <h1
    className="main-title"
  >
    Test: Are you and introvert or an extrovert
  </h1>
  <p>
    So do you consider yourself more of an introvert or an extrovert? Take this test, put together by 
    <cite>
      psychoanalyst Natalie Acevedo
    </cite>
  </p>
  <img
    alt="headPuzzle"
    className="main-img"
    src="puzzle-head.png"
  />
  <button
    className="mainButton"
    onClick={[Function]}
  >
    Find out !
  </button>
</main>
`;
